// Jest Snapshot v1, https://goo.gl/fbAQLP

exports[`Hotel Page should render Hotels 1`] = `ReactWrapper {}`;
